
===================================
01_linear_path.txt===================================
DD8-waypoint1
DD8-waypoint2 DD9-waypoint1
DD8-goal DD9-waypoint2
DD9-goal
